#version 4  2012.02.19

#check version of grub4dos
checkrange 20120201:-1 read 0x8278 || pause --wait=3 Please use grub4dos-0.4.5c-2012-02-01 or later! && exit 1

write (md)0x220+1 !BAT\necho -n -P:0000 $[0133]                       --- Abhijeet's Multiboot USB Drive---                               \0
initscript (md)0x220+1

write 0x8274 0x2001

color black/cyan yellow/cyan
#timeout 5
default 1
debug 1

#uncomment this for a hi-res background - but changes menu behaviour
gfxmenu /message

#comment this next line out if you don't want a background image at all
#splashimage /back.xpm.gz
#foreground 555599
#background 661100

clear

title -----------  Disk Management  -------------
root

title Hirens Boot CD 15.1
configfile /HBCD/menu.lst

iftitle [if exist /_iso/Tools/ParagonRescueKit2012Free.iso] Paragon Rescue Kit 2012 Free
find --set-root /_iso/Tools/ParagonRescueKit2012Free.iso
map /_iso/Tools/ParagonRescueKit2012Free.iso (hd32)
map --hook
root (hd32)
chainloader (hd32)

title Back to Main Menu
configfile /Menu.lst

title
root

title ----------- System Option -------------
root

title Boot from 1st Hard Disk
map (hd0) (hd1)
map (hd1) (hd0)
map --hook
chainloader (hd0)+1
rootnoverify (hd0)

title Reboot  \nReboot system
savedefault --wait=2
reboot

title Switch Off system
savedefault --wait=2
halt

title Reload menu\nReload the menu.lst file
configfile /menu.lst